// Jest Snapshot v1, https://goo.gl/fbAQLP

exports[`homepage <Content /> should match the snapshot 1`] = `
.c5 {
  background-color: transparent;
  -webkit-transition: background-color 0.2s ease-in-out;
  transition: background-color 0.2s ease-in-out;
  padding: 0.75rem 1.5rem;
  border: 1px solid rgb(153,153,153);
  border-radius: 4px;
  color: rgb(153,153,153);
  text-decoration: none;
  font-family: "Source Sans Pro",Helvetica,sans-serif;
  display: inline-block;
  text-transform: uppercase;
  -webkit-letter-spacing: 0.125rem;
  -moz-letter-spacing: 0.125rem;
  -ms-letter-spacing: 0.125rem;
  letter-spacing: 0.125rem;
}

.c5:hover {
  background-color: rgba(255,255,255,0.25);
}

.c3 {
  font-family: "Source Sans Pro",Helvetica,sans-serif;
  color: rgb(153,153,153);
  line-height: 3.375rem;
  font-size: 2.25rem;
  font-weight: 300;
  margin: 0;
}

.c3::after {
  content: '';
  height: 1px;
  display: block;
  width: 8rem;
  margin-top: 0.75rem;
  border-bottom: 1px solid rgb(153,153,153);
}

.c0 {
  padding: 1.5rem 2.25rem;
}

.c1 {
  display: -webkit-box;
  display: -webkit-flex;
  display: -ms-flexbox;
  display: flex;
  -webkit-flex-flow: row wrap;
  -ms-flex-flow: row wrap;
  flex-flow: row wrap;
  -webkit-box-pack: start;
  -webkit-justify-content: flex-start;
  -ms-flex-pack: start;
  justify-content: flex-start;
  padding-bottom: 1.5rem;
}

.c1 > * {
  -webkit-flex: 0 0 auto;
  -ms-flex: 0 0 auto;
  flex: 0 0 auto;
}

.c1::after {
  content: '';
  display: table;
  clear: both;
}

.c2 {
  width: 100%;
}

.c4 {
  color: rgb(153,153,153);
  font-family: "Source Sans Pro",Helvetica,sans-serif;
  font-size: 1rem;
  font-weight: 300;
  line-height: 1.5rem;
}

<section
  className="c0"
>
  <div
    className="c1"
  >
    <div
      className="c2"
    >
      <h1
        className="c3"
      >
        Getting Started
      </h1>
    </div>
  </div>
  <div
    className="c1"
  >
    <div
      className="c2"
    >
      <p
        className="c4"
      >
        As you look to measure and demostrate your social impact, it is important to make sure that you are asking the right questions to show the right value. Using established questionnaires known for their accuracy increases your faith in the results, and your trustees, investors and donors faith in you.
      </p>
    </div>
  </div>
  <div
    className="c1"
  >
    <div
      className="c2"
    >
      <a
        className="c5"
        href="/catalogue"
      >
        Find a questionnaire
      </a>
    </div>
  </div>
</section>
`;
